2026-08-26T15:11:59.128Z  INFO 1 --- [main] com.structurizr.server.Local             : ***********************************************************************************
2026-08-26T15:11:59.131Z  INFO 1 --- [main] com.structurizr.server.Local             :   _____ _                   _              _          
2026-08-26T15:11:59.131Z  INFO 1 --- [main] com.structurizr.server.Local             :  / ____| |                 | |            (_)         
2026-08-26T15:11:59.131Z  INFO 1 --- [main] com.structurizr.server.Local             : | (___ | |_ _ __ _   _  ___| |_ _   _ _ __ _ _____ __ 
2026-08-26T15:11:59.131Z  INFO 1 --- [main] com.structurizr.server.Local             :  \___ \| __| '__| | | |/ __| __| | | | '__| |_  / '__|
2026-08-26T15:11:59.131Z  INFO 1 --- [main] com.structurizr.server.Local             :  ____) | |_| |  | |_| | (__| |_| |_| | |  | |/ /| |   
2026-08-26T15:11:59.131Z  INFO 1 --- [main] com.structurizr.server.Local             : |_____/ \__|_|   \__,_|\___|\__|\__,_|_|  |_/___|_|   
2026-08-26T15:11:59.131Z  INFO 1 --- [main] com.structurizr.server.Local             :                                                       
2026-08-26T15:11:59.132Z  INFO 1 --- [main] com.structurizr.server.Local             : Local v2026.06.28
2026-08-26T15:11:59.132Z  INFO 1 --- [main] com.structurizr.server.Local             : ***********************************************************************************
2026-08-26T15:11:59.133Z  INFO 1 --- [main] com.structurizr.server.Local             :  - structurizr.authentication: none
2026-08-26T15:11:59.133Z  INFO 1 --- [main] com.structurizr.server.Local             :  - structurizr.autorefreshinterval: 0
2026-08-26T15:11:59.134Z  INFO 1 --- [main] com.structurizr.server.Local             :  - structurizr.autosaveinterval: 5000
2026-08-26T15:11:59.134Z  INFO 1 --- [main] com.structurizr.server.Local             :  - structurizr.cache: none
2026-08-26T15:11:59.134Z  INFO 1 --- [main] com.structurizr.server.Local             :  - structurizr.data: file
2026-08-26T15:11:59.134Z  INFO 1 --- [main] com.structurizr.server.Local             :  - structurizr.datadirectory: /usr/local/structurizr
2026-08-26T15:11:59.134Z  INFO 1 --- [main] com.structurizr.server.Local             :  - structurizr.debug: false
2026-08-26T15:11:59.135Z  INFO 1 --- [main] com.structurizr.server.Local             :  - structurizr.editable: true
2026-08-26T15:11:59.135Z  INFO 1 --- [main] com.structurizr.server.Local             :  - structurizr.logging.filename: /usr/local/structurizr/.structurizr/logs/structurizr.log
2026-08-26T15:11:59.135Z  INFO 1 --- [main] com.structurizr.server.Local             :  - structurizr.network.timeout: 60000
2026-08-26T15:11:59.135Z  INFO 1 --- [main] com.structurizr.server.Local             :  - structurizr.network.urls.allowed: .*
2026-08-26T15:11:59.135Z  INFO 1 --- [main] com.structurizr.server.Local             :  - structurizr.search: lucene
2026-08-26T15:11:59.136Z  INFO 1 --- [main] com.structurizr.server.Local             :  - structurizr.themes: /usr/local/structurizr/themes/
2026-08-26T15:11:59.136Z  INFO 1 --- [main] com.structurizr.server.Local             :  - structurizr.workspace.maxsize: 1MB
2026-08-26T15:11:59.136Z  INFO 1 --- [main] com.structurizr.server.Local             :  - structurizr.workspace.threads: 10
2026-08-26T15:11:59.136Z  INFO 1 --- [main] com.structurizr.server.Local             :  - structurizr.workspaces: 1
2026-08-26T15:11:59.136Z  INFO 1 --- [main] com.structurizr.server.Local             : ***********************************************************************************
2026-08-26T15:11:59.136Z  INFO 1 --- [main] com.structurizr.server.Local             : Themes:
2026-08-26T15:11:59.137Z  INFO 1 --- [main] com.structurizr.server.Local             : ***********************************************************************************
2026-08-26T15:12:08.768Z  INFO 1 --- [main] .w.LocalFileSystemSingleWorkspaceAdapter : Creating workspace.dsl
